Test array literals
Test array literals
Test array literals
Test array return type within parametric function
pCreateParametricArray
Test appending to existing array - True!
1
2
3
