Create Test of type 'String'
Create Test of type 'String'
Adding a new string
(Create Test of type 'String', Adding to tuple)
