single
test passing parametric type between parametric functions
test calling function recursively
42
