STRINGADDSPACE CREATES 'MAYBE STRING'
HELLO WORLD!
42: end of the Party
kiko
20
20
