Parametric tuple with key: 'k' and value '12'
Flipped key Update tuple test with value 23
